@@@@@@@@@@@@@@@@@@@@@@@@@@@@@@@@@@@@@@@@@@@@@@@@@@@@@@@@@@@@@@@@@@@@@@@@@@
@@@@@@@@@@@@@@@@@@@@@@@@@@@@@@@@@@@@@@@@@@@@@@@@@@@@@@@@@@@@@@@@@@@@@@@@@@
@@                                                                      @@
@@   HYDROGEOSPHERE: 3-D coupled surface/subsurface flow and transport  @@
@@                                                                      @@
@@   REVISION:   2332                                                   @@
@@   BUILD DATE: 2021-12-02                                             @@
@@   BUILD INFO: 64-bit                                                 @@
@@                                                                      @@
@@   (c) Aquanty, Inc.                                                  @@
@@       www.aquanty.com                                                @@
@@       support@aquanty.com                                            @@
@@                                                                      @@
@@@@@@@@@@@@@@@@@@@@@@@@@@@@@@@@@@@@@@@@@@@@@@@@@@@@@@@@@@@@@@@@@@@@@@@@@@
@@@@@@@@@@@@@@@@@@@@@@@@@@@@@@@@@@@@@@@@@@@@@@@@@@@@@@@@@@@@@@@@@@@@@@@@@@
 
PROBLEM TITLE:
IEL NE1-Damage-26698-1960
 
 1. Initial time =   0.000000000000000E+000

----------------------------------------------------------------------------------
                      SOLUTION FOR TIMESTEP      1                          
----------------------------------------------------------------------------------
Global target time:  1.0000000000E+00(     1 of      3)
 %done      Time             delta_t          Tnext
  0.00 0.0000000000E+00 9.9999997765E-03 9.9999997765E-03 Accept timestep
     Calculating steady-state flow solution...
    
W0SOLV: Maximum restarts (30) reached.
 Number of flow matrix solver iterations =  41398

--------------------------------------------------------------------
FLUID BALANCE
-------------------------------------------------------
RATE OF FLUID EXCHANGE                IN                       OUT                      TOTAL
Head_1                               0.1162390570             0.0000000000             0.1162390570        porous media
Head_2                               0.0000000000            -0.1162427677            -0.1162427677        porous media
TOTAL:[NET1(+),NET1(-),NET1]         0.1162390570            -0.1162427677            -0.0000037107

Steady-state simulation(No accumulation in domain)

---------------------------------------------------------------------------------------------------

---- Solving transport for species   1 ----

Peclet number:     Dimension   maximum    element
                       1  0.190801598E+001 145236
                       2  0.833331992E+000 87822
                       3  0.377459633E-004 15366
Number of transport matrix solver iterations:   1
  
 Variable             Max. change     Target change   Dt multiplier   At node
 ========             ===========     =============   =============   =======
 Timestep multiplier:   1.000000020040877E+020
-----------------------------
Initial mass/energy in system
-----------------------------
 Species  1:     0.000000000    

---------------------------------------------------------------------------------------------------
MASS BALANCE SPECIES  1 - TCE                           
---------------------------------------------------------------------------------------------------
 (Time =  9.999999776482582E-003  Time-step =  9.999999776482582E-003 )
RATE OF MASS EXCHANGE                 IN                       OUT                      TOTAL
   Fixed head nodes                  0.0000000000             0.0000000000
   Fixed concentration nodes         0.0000000000             0.0000000000
   NET1 EXCHANGE RATE (IN-OUT)                                                         0.0000000000
 (BC MASS CHANGE=    0.0000000000E+000)
 
MASS STORAGE COMPONENTS
   Porous medium: 
      Dissolved                      0.0000000000
      Decay (dissolved)              0.0000000000
      Sorbed                         0.0000000000
      Decay (sorbed)                 0.0000000000
   Discrete fractures:
      Dissolved                      0.0000000000
      Decay (dissolved)              0.0000000000
      Sorbed                         0.0000000000
      Decay (sorbed)                 0.0000000000
                                     -----------------
   TOTAL MASS                        0.0000000000
   INITIAL MASS                      0.0000000000
                                     -----------------
   MASS CHANGE DURING TIMESTE        0.0000000000
   MASS CHANGE SINCE BEGINNIN        0.0000000000
 
   NET2 RATE OF CHANGE OF MASS/ENERGY DURING TIMESTEP                                  0.0000000000
  
 
MASS BALANCE ERROR
   Absolute: (NET1-NET2)                                                               0.0000000000
   Relative: (abs(NET1)+abs(NET2)) is 0.0
---------------------------------------------------------------------------------------------------
No more mass stored in system for species    1
No more mass stored in system
 
 Minimum dt_multiplier    >    Maximum allowed
  1.000000020040877E+020  >    2.00000000000000     
 Timestep multiplier:    2.00000000000000     
 Accepted solution at time:   9.999999776482582E-003

----------------------------------------------------------------------------------
                      SOLUTION FOR TIMESTEP      2                          
----------------------------------------------------------------------------------
Global target time:  1.0000000000E+00(     1 of      3)
 %done      Time             delta_t          Tnext
  0.00 9.9999997765E-03 1.9999999553E-02 2.9999999329E-02 Accept timestep
---- Solving transport for species   1 ----
Number of transport matrix solver iterations:   1
  
 Variable             Max. change     Target change   Dt multiplier   At node
 ========             ===========     =============   =============   =======
 Timestep multiplier:   1.000000020040877E+020

---------------------------------------------------------------------------------------------------
MASS BALANCE SPECIES  1 - TCE                           
---------------------------------------------------------------------------------------------------
 (Time =  2.999999932944775E-002  Time-step =  1.999999955296516E-002 )
RATE OF MASS EXCHANGE                 IN                       OUT                      TOTAL
   Fixed head nodes                  0.0000000000             0.0000000000
   Fixed concentration nodes         0.0000000000             0.0000000000
   NET1 EXCHANGE RATE (IN-OUT)                                                         0.0000000000
 (BC MASS CHANGE=    0.0000000000E+000)
 
MASS STORAGE COMPONENTS
   Porous medium: 
      Dissolved                      0.0000000000
      Decay (dissolved)              0.0000000000
      Sorbed                         0.0000000000
      Decay (sorbed)                 0.0000000000
   Discrete fractures:
      Dissolved                      0.0000000000
      Decay (dissolved)              0.0000000000
      Sorbed                         0.0000000000
      Decay (sorbed)                 0.0000000000
                                     -----------------
   TOTAL MASS                        0.0000000000
   INITIAL MASS                      0.0000000000
                                     -----------------
   MASS CHANGE DURING TIMESTE        0.0000000000
   MASS CHANGE SINCE BEGINNIN        0.0000000000
 
   NET2 RATE OF CHANGE OF MASS/ENERGY DURING TIMESTEP                                  0.0000000000
  
 
MASS BALANCE ERROR
   Absolute: (NET1-NET2)                                                               0.0000000000
   Relative: (abs(NET1)+abs(NET2)) is 0.0
---------------------------------------------------------------------------------------------------
No more mass stored in system for species    1
No more mass stored in system
 
 Minimum dt_multiplier    >    Maximum allowed
  1.000000020040877E+020  >    2.00000000000000     
 Timestep multiplier:    2.00000000000000     
 Accepted solution at time:   2.999999932944775E-002

----------------------------------------------------------------------------------
                      SOLUTION FOR TIMESTEP      3                          
----------------------------------------------------------------------------------
Global target time:  1.0000000000E+00(     1 of      3)
 %done      Time             delta_t          Tnext
  0.00 2.9999999329E-02 3.9999999106E-02 6.9999998435E-02 Accept timestep
---- Solving transport for species   1 ----
Number of transport matrix solver iterations:   1
  
 Variable             Max. change     Target change   Dt multiplier   At node
 ========             ===========     =============   =============   =======
 Timestep multiplier:   1.000000020040877E+020

---------------------------------------------------------------------------------------------------
MASS BALANCE SPECIES  1 - TCE                           
---------------------------------------------------------------------------------------------------
 (Time =  6.999999843537807E-002  Time-step =  3.999999910593033E-002 )
RATE OF MASS EXCHANGE                 IN                       OUT                      TOTAL
   Fixed head nodes                  0.0000000000             0.0000000000
   Fixed concentration nodes         0.0000000000             0.0000000000
   NET1 EXCHANGE RATE (IN-OUT)                                                         0.0000000000
 (BC MASS CHANGE=    0.0000000000E+000)
 
MASS STORAGE COMPONENTS
   Porous medium: 
      Dissolved                      0.0000000000
      Decay (dissolved)              0.0000000000
      Sorbed                         0.0000000000
      Decay (sorbed)                 0.0000000000
   Discrete fractures:
      Dissolved                      0.0000000000
      Decay (dissolved)              0.0000000000
      Sorbed                         0.0000000000
      Decay (sorbed)                 0.0000000000
                                     -----------------
   TOTAL MASS                        0.0000000000
   INITIAL MASS                      0.0000000000
                                     -----------------
   MASS CHANGE DURING TIMESTE        0.0000000000
   MASS CHANGE SINCE BEGINNIN        0.0000000000
 
   NET2 RATE OF CHANGE OF MASS/ENERGY DURING TIMESTEP                                  0.0000000000
  
 
MASS BALANCE ERROR
   Absolute: (NET1-NET2)                                                               0.0000000000
   Relative: (abs(NET1)+abs(NET2)) is 0.0
---------------------------------------------------------------------------------------------------
No more mass stored in system for species    1
No more mass stored in system
 
 Minimum dt_multiplier    >    Maximum allowed
  1.000000020040877E+020  >    2.00000000000000     
 Timestep multiplier:    2.00000000000000     
 Accepted solution at time:   6.999999843537807E-002

----------------------------------------------------------------------------------
                      SOLUTION FOR TIMESTEP      4                          
----------------------------------------------------------------------------------
Global target time:  1.0000000000E+00(     1 of      3)
 %done      Time             delta_t          Tnext
  0.00 6.9999998435E-02 7.9999998212E-02 1.4999999665E-01 Accept timestep
---- Solving transport for species   1 ----
Number of transport matrix solver iterations:   1
  
 Variable             Max. change     Target change   Dt multiplier   At node
 ========             ===========     =============   =============   =======
 Timestep multiplier:   1.000000020040877E+020

---------------------------------------------------------------------------------------------------
MASS BALANCE SPECIES  1 - TCE                           
---------------------------------------------------------------------------------------------------
 (Time =  0.149999996647239       Time-step =  7.999999821186066E-002 )
RATE OF MASS EXCHANGE                 IN                       OUT                      TOTAL
   Fixed head nodes                  0.0000000000             0.0000000000
   Fixed concentration nodes         0.0000000000             0.0000000000
   NET1 EXCHANGE RATE (IN-OUT)                                                         0.0000000000
 (BC MASS CHANGE=    0.0000000000E+000)
 
MASS STORAGE COMPONENTS
   Porous medium: 
      Dissolved                      0.0000000000
      Decay (dissolved)              0.0000000000
      Sorbed                         0.0000000000
      Decay (sorbed)                 0.0000000000
   Discrete fractures:
      Dissolved                      0.0000000000
      Decay (dissolved)              0.0000000000
      Sorbed                         0.0000000000
      Decay (sorbed)                 0.0000000000
                                     -----------------
   TOTAL MASS                        0.0000000000
   INITIAL MASS                      0.0000000000
                                     -----------------
   MASS CHANGE DURING TIMESTE        0.0000000000
   MASS CHANGE SINCE BEGINNIN        0.0000000000
 
   NET2 RATE OF CHANGE OF MASS/ENERGY DURING TIMESTEP                                  0.0000000000
  
 
MASS BALANCE ERROR
   Absolute: (NET1-NET2)                                                               0.0000000000
   Relative: (abs(NET1)+abs(NET2)) is 0.0
---------------------------------------------------------------------------------------------------
No more mass stored in system for species    1
No more mass stored in system
 
 Minimum dt_multiplier    >    Maximum allowed
  1.000000020040877E+020  >    2.00000000000000     
 Timestep multiplier:    2.00000000000000     
 Accepted solution at time:   0.149999996647239     

----------------------------------------------------------------------------------
                      SOLUTION FOR TIMESTEP      5                          
----------------------------------------------------------------------------------
Global target time:  1.0000000000E+00(     1 of      3)
 %done      Time             delta_t          Tnext
  0.00 1.4999999665E-01 1.5999999642E-01 3.0999999307E-01 Accept timestep
---- Solving transport for species   1 ----
Number of transport matrix solver iterations:   1
  
 Variable             Max. change     Target change   Dt multiplier   At node
 ========             ===========     =============   =============   =======
 Timestep multiplier:   1.000000020040877E+020

---------------------------------------------------------------------------------------------------
MASS BALANCE SPECIES  1 - TCE                           
---------------------------------------------------------------------------------------------------
 (Time =  0.309999993070960       Time-step =  0.159999996423721      )
RATE OF MASS EXCHANGE                 IN                       OUT                      TOTAL
   Fixed head nodes                  0.0000000000             0.0000000000
   Fixed concentration nodes         0.0000000000             0.0000000000
   NET1 EXCHANGE RATE (IN-OUT)                                                         0.0000000000
 (BC MASS CHANGE=    0.0000000000E+000)
 
MASS STORAGE COMPONENTS
   Porous medium: 
      Dissolved                      0.0000000000
      Decay (dissolved)              0.0000000000
      Sorbed                         0.0000000000
      Decay (sorbed)                 0.0000000000
   Discrete fractures:
      Dissolved                      0.0000000000
      Decay (dissolved)              0.0000000000
      Sorbed                         0.0000000000
      Decay (sorbed)                 0.0000000000
                                     -----------------
   TOTAL MASS                        0.0000000000
   INITIAL MASS                      0.0000000000
                                     -----------------
   MASS CHANGE DURING TIMESTE        0.0000000000
   MASS CHANGE SINCE BEGINNIN        0.0000000000
 
   NET2 RATE OF CHANGE OF MASS/ENERGY DURING TIMESTEP                                  0.0000000000
  
 
MASS BALANCE ERROR
   Absolute: (NET1-NET2)                                                               0.0000000000
   Relative: (abs(NET1)+abs(NET2)) is 0.0
---------------------------------------------------------------------------------------------------
No more mass stored in system for species    1
No more mass stored in system
 
 Minimum dt_multiplier    >    Maximum allowed
  1.000000020040877E+020  >    2.00000000000000     
 Timestep multiplier:    2.00000000000000     
 Accepted solution at time:   0.309999993070960     

----------------------------------------------------------------------------------
                      SOLUTION FOR TIMESTEP      6                          
----------------------------------------------------------------------------------
Global target time:  1.0000000000E+00(     1 of      3)
 %done      Time             delta_t          Tnext
  0.00 3.0999999307E-01 3.1999999285E-01 6.2999998592E-01 Accept timestep
---- Solving transport for species   1 ----
Number of transport matrix solver iterations:   1
  
 Variable             Max. change     Target change   Dt multiplier   At node
 ========             ===========     =============   =============   =======
 Timestep multiplier:   1.000000020040877E+020

---------------------------------------------------------------------------------------------------
MASS BALANCE SPECIES  1 - TCE                           
---------------------------------------------------------------------------------------------------
 (Time =  0.629999985918403       Time-step =  0.319999992847443      )
RATE OF MASS EXCHANGE                 IN                       OUT                      TOTAL
   Fixed head nodes                  0.0000000000             0.0000000000
   Fixed concentration nodes         0.0000000000             0.0000000000
   NET1 EXCHANGE RATE (IN-OUT)                                                         0.0000000000
 (BC MASS CHANGE=    0.0000000000E+000)
 
MASS STORAGE COMPONENTS
   Porous medium: 
      Dissolved                      0.0000000000
      Decay (dissolved)              0.0000000000
      Sorbed                         0.0000000000
      Decay (sorbed)                 0.0000000000
   Discrete fractures:
      Dissolved                      0.0000000000
      Decay (dissolved)              0.0000000000
      Sorbed                         0.0000000000
      Decay (sorbed)                 0.0000000000
                                     -----------------
   TOTAL MASS                        0.0000000000
   INITIAL MASS                      0.0000000000
                                     -----------------
   MASS CHANGE DURING TIMESTE        0.0000000000
   MASS CHANGE SINCE BEGINNIN        0.0000000000
 
   NET2 RATE OF CHANGE OF MASS/ENERGY DURING TIMESTEP                                  0.0000000000
  
 
MASS BALANCE ERROR
   Absolute: (NET1-NET2)                                                               0.0000000000
   Relative: (abs(NET1)+abs(NET2)) is 0.0
---------------------------------------------------------------------------------------------------
No more mass stored in system for species    1
No more mass stored in system
 
 Minimum dt_multiplier    >    Maximum allowed
  1.000000020040877E+020  >    2.00000000000000     
 Timestep multiplier:    2.00000000000000     
 Accepted solution at time:   0.629999985918403     

----------------------------------------------------------------------------------
                      SOLUTION FOR TIMESTEP      7                          
----------------------------------------------------------------------------------
Global target time:  1.0000000000E+00(     1 of      3)
 %done      Time             delta_t          Tnext
  0.00 6.2999998592E-01 6.3999998569E-01 1.2699999716E+00 !! Tnext >= target
  0.00 6.2999998592E-01 3.7000001408E-01 1.0000000000E+00 1 step to target
---- Solving transport for species   1 ----
Number of transport matrix solver iterations:   1
  
 Variable             Max. change     Target change   Dt multiplier   At node
 ========             ===========     =============   =============   =======
 Timestep multiplier:   1.000000020040877E+020

---------------------------------------------------------------------------------------------------
MASS BALANCE SPECIES  1 - TCE                           
---------------------------------------------------------------------------------------------------
 (Time =   1.00000000000000       Time-step =  0.370000014081597      )
RATE OF MASS EXCHANGE                 IN                       OUT                      TOTAL
   Fixed head nodes                  0.0000000000             0.0000000000
   Fixed concentration nodes         0.0000000000             0.0000000000
   NET1 EXCHANGE RATE (IN-OUT)                                                         0.0000000000
 (BC MASS CHANGE=    0.0000000000E+000)
 
MASS STORAGE COMPONENTS
   Porous medium: 
      Dissolved                      0.0000000000
      Decay (dissolved)              0.0000000000
      Sorbed                         0.0000000000
      Decay (sorbed)                 0.0000000000
   Discrete fractures:
      Dissolved                      0.0000000000
      Decay (dissolved)              0.0000000000
      Sorbed                         0.0000000000
      Decay (sorbed)                 0.0000000000
                                     -----------------
   TOTAL MASS                        0.0000000000
   INITIAL MASS                      0.0000000000
                                     -----------------
   MASS CHANGE DURING TIMESTE        0.0000000000
   MASS CHANGE SINCE BEGINNIN        0.0000000000
 
   NET2 RATE OF CHANGE OF MASS/ENERGY DURING TIMESTEP                                  0.0000000000
  
 
MASS BALANCE ERROR
   Absolute: (NET1-NET2)                                                               0.0000000000
   Relative: (abs(NET1)+abs(NET2)) is 0.0
---------------------------------------------------------------------------------------------------
No more mass stored in system for species    1
No more mass stored in system
 
 Minimum dt_multiplier    >    Maximum allowed
  1.000000020040877E+020  >    2.00000000000000     
 Timestep multiplier:    2.00000000000000     
 Accepted solution at time:    1.00000000000000     
 Met global target time    1.00000000000000     
 Restore last big timestep used  0.639999985694885     

----------------------------------------------------------------------------------
                      SOLUTION FOR TIMESTEP      8                          
----------------------------------------------------------------------------------
Global target time:  3.6499000000E+04(     2 of      3)
 %done      Time             delta_t          Tnext
  0.00 1.0000000000E+00 6.3999998569E-01 1.6399999857E+00 Accept timestep
---- Solving transport for species   1 ----
Number of transport matrix solver iterations:   1
  
 Variable             Max. change     Target change   Dt multiplier   At node
 ========             ===========     =============   =============   =======
 Timestep multiplier:   1.000000020040877E+020

---------------------------------------------------------------------------------------------------
MASS BALANCE SPECIES  1 - TCE                           
---------------------------------------------------------------------------------------------------
 (Time =   1.63999998569489       Time-step =  0.639999985694885      )
RATE OF MASS EXCHANGE                 IN                       OUT                      TOTAL
   Fixed head nodes                  0.0000000000             0.0000000000
   Fixed concentration nodes         0.0000000000             0.0000000000
   NET1 EXCHANGE RATE (IN-OUT)                                                         0.0000000000
 (BC MASS CHANGE=    0.0000000000E+000)
 
MASS STORAGE COMPONENTS
   Porous medium: 
      Dissolved                      0.0000000000
      Decay (dissolved)              0.0000000000
      Sorbed                         0.0000000000
      Decay (sorbed)                 0.0000000000
   Discrete fractures:
      Dissolved                      0.0000000000
      Decay (dissolved)              0.0000000000
      Sorbed                         0.0000000000
      Decay (sorbed)                 0.0000000000
                                     -----------------
   TOTAL MASS                        0.0000000000
   INITIAL MASS                      0.0000000000
                                     -----------------
   MASS CHANGE DURING TIMESTE        0.0000000000
   MASS CHANGE SINCE BEGINNIN        0.0000000000
 
   NET2 RATE OF CHANGE OF MASS/ENERGY DURING TIMESTEP                                  0.0000000000
  
 
MASS BALANCE ERROR
   Absolute: (NET1-NET2)                                                               0.0000000000
   Relative: (abs(NET1)+abs(NET2)) is 0.0
---------------------------------------------------------------------------------------------------
No more mass stored in system for species    1
No more mass stored in system
 
 Minimum dt_multiplier    >    Maximum allowed
  1.000000020040877E+020  >    2.00000000000000     
 Timestep multiplier:    2.00000000000000     
 Accepted solution at time:    1.63999998569489     

----------------------------------------------------------------------------------
                      SOLUTION FOR TIMESTEP      9                          
----------------------------------------------------------------------------------
Global target time:  3.6499000000E+04(     2 of      3)
 %done      Time             delta_t          Tnext
  0.00 1.6399999857E+00 1.2799999714E+00 2.9199999571E+00 Accept timestep
---- Solving transport for species   1 ----
Number of transport matrix solver iterations:   1
  
 Variable             Max. change     Target change   Dt multiplier   At node
 ========             ===========     =============   =============   =======
 Timestep multiplier:   1.000000020040877E+020

---------------------------------------------------------------------------------------------------
MASS BALANCE SPECIES  1 - TCE                           
---------------------------------------------------------------------------------------------------
 (Time =   2.91999995708466       Time-step =   1.27999997138977      )
RATE OF MASS EXCHANGE                 IN                       OUT                      TOTAL
   Fixed head nodes                  0.0000000000             0.0000000000
   Fixed concentration nodes         0.0000000000             0.0000000000
   NET1 EXCHANGE RATE (IN-OUT)                                                         0.0000000000
 (BC MASS CHANGE=    0.0000000000E+000)
 
MASS STORAGE COMPONENTS
   Porous medium: 
      Dissolved                      0.0000000000
      Decay (dissolved)              0.0000000000
      Sorbed                         0.0000000000
      Decay (sorbed)                 0.0000000000
   Discrete fractures:
      Dissolved                      0.0000000000
      Decay (dissolved)              0.0000000000
      Sorbed                         0.0000000000
      Decay (sorbed)                 0.0000000000
                                     -----------------
   TOTAL MASS                        0.0000000000
   INITIAL MASS                      0.0000000000
                                     -----------------
   MASS CHANGE DURING TIMESTE        0.0000000000
   MASS CHANGE SINCE BEGINNIN        0.0000000000
 
   NET2 RATE OF CHANGE OF MASS/ENERGY DURING TIMESTEP                                  0.0000000000
  
 
MASS BALANCE ERROR
   Absolute: (NET1-NET2)                                                               0.0000000000
   Relative: (abs(NET1)+abs(NET2)) is 0.0
---------------------------------------------------------------------------------------------------
No more mass stored in system for species    1
No more mass stored in system
 
 Minimum dt_multiplier    >    Maximum allowed
  1.000000020040877E+020  >    2.00000000000000     
 Timestep multiplier:    2.00000000000000     
 Accepted solution at time:    2.91999995708466     

----------------------------------------------------------------------------------
                      SOLUTION FOR TIMESTEP     10                          
----------------------------------------------------------------------------------
Global target time:  3.6499000000E+04(     2 of      3)
 %done      Time             delta_t          Tnext
  0.01 2.9199999571E+00 2.5599999428E+00 5.4799998999E+00 Accept timestep
---- Solving transport for species   1 ----
Number of transport matrix solver iterations:   1
  
 Variable             Max. change     Target change   Dt multiplier   At node
 ========             ===========     =============   =============   =======
 Timestep multiplier:   1.000000020040877E+020

---------------------------------------------------------------------------------------------------
MASS BALANCE SPECIES  1 - TCE                           
---------------------------------------------------------------------------------------------------
 (Time =   5.47999989986420       Time-step =   2.55999994277954      )
RATE OF MASS EXCHANGE                 IN                       OUT                      TOTAL
   Fixed head nodes                  0.0000000000             0.0000000000
   Fixed concentration nodes         0.0000000000             0.0000000000
   NET1 EXCHANGE RATE (IN-OUT)                                                         0.0000000000
 (BC MASS CHANGE=    0.0000000000E+000)
 
MASS STORAGE COMPONENTS
   Porous medium: 
      Dissolved                      0.0000000000
      Decay (dissolved)              0.0000000000
      Sorbed                         0.0000000000
      Decay (sorbed)                 0.0000000000
   Discrete fractures:
      Dissolved                      0.0000000000
      Decay (dissolved)              0.0000000000
      Sorbed                         0.0000000000
      Decay (sorbed)                 0.0000000000
                                     -----------------
   TOTAL MASS                        0.0000000000
   INITIAL MASS                      0.0000000000
                                     -----------------
   MASS CHANGE DURING TIMESTE        0.0000000000
   MASS CHANGE SINCE BEGINNIN        0.0000000000
 
   NET2 RATE OF CHANGE OF MASS/ENERGY DURING TIMESTEP                                  0.0000000000
  
 
MASS BALANCE ERROR
   Absolute: (NET1-NET2)                                                               0.0000000000
   Relative: (abs(NET1)+abs(NET2)) is 0.0
---------------------------------------------------------------------------------------------------
No more mass stored in system for species    1
No more mass stored in system
 
 Minimum dt_multiplier    >    Maximum allowed
  1.000000020040877E+020  >    2.00000000000000     
 Timestep multiplier:    2.00000000000000     
 Accepted solution at time:    5.47999989986420     

----------------------------------------------------------------------------------
                      SOLUTION FOR TIMESTEP     11                          
----------------------------------------------------------------------------------
Global target time:  3.6499000000E+04(     2 of      3)
 %done      Time             delta_t          Tnext
  0.02 5.4799998999E+00 5.1199998856E+00 1.0599999785E+01 Accept timestep
---- Solving transport for species   1 ----
Number of transport matrix solver iterations:   1
  
 Variable             Max. change     Target change   Dt multiplier   At node
 ========             ===========     =============   =============   =======
 Timestep multiplier:   1.000000020040877E+020

---------------------------------------------------------------------------------------------------
MASS BALANCE SPECIES  1 - TCE                           
---------------------------------------------------------------------------------------------------
 (Time =   10.5999997854233       Time-step =   5.11999988555908      )
RATE OF MASS EXCHANGE                 IN                       OUT                      TOTAL
   Fixed head nodes                  0.0000000000             0.0000000000
   Fixed concentration nodes         0.0000000000             0.0000000000
   NET1 EXCHANGE RATE (IN-OUT)                                                         0.0000000000
 (BC MASS CHANGE=    0.0000000000E+000)
 
MASS STORAGE COMPONENTS
   Porous medium: 
      Dissolved                      0.0000000000
      Decay (dissolved)              0.0000000000
      Sorbed                         0.0000000000
      Decay (sorbed)                 0.0000000000
   Discrete fractures:
      Dissolved                      0.0000000000
      Decay (dissolved)              0.0000000000
      Sorbed                         0.0000000000
      Decay (sorbed)                 0.0000000000
                                     -----------------
   TOTAL MASS                        0.0000000000
   INITIAL MASS                      0.0000000000
                                     -----------------
   MASS CHANGE DURING TIMESTE        0.0000000000
   MASS CHANGE SINCE BEGINNIN        0.0000000000
 
   NET2 RATE OF CHANGE OF MASS/ENERGY DURING TIMESTEP                                  0.0000000000
  
 
MASS BALANCE ERROR
   Absolute: (NET1-NET2)                                                               0.0000000000
   Relative: (abs(NET1)+abs(NET2)) is 0.0
---------------------------------------------------------------------------------------------------
No more mass stored in system for species    1
No more mass stored in system
 
 Minimum dt_multiplier    >    Maximum allowed
  1.000000020040877E+020  >    2.00000000000000     
 Timestep multiplier:    2.00000000000000     
 Accepted solution at time:    10.5999997854233     

----------------------------------------------------------------------------------
                      SOLUTION FOR TIMESTEP     12                          
----------------------------------------------------------------------------------
Global target time:  3.6499000000E+04(     2 of      3)
 %done      Time             delta_t          Tnext
  0.03 1.0599999785E+01 1.0239999771E+01 2.0839999557E+01 Accept timestep
---- Solving transport for species   1 ----
Number of transport matrix solver iterations:   1
  
 Variable             Max. change     Target change   Dt multiplier   At node
 ========             ===========     =============   =============   =======
 Timestep multiplier:   1.000000020040877E+020

---------------------------------------------------------------------------------------------------
MASS BALANCE SPECIES  1 - TCE                           
---------------------------------------------------------------------------------------------------
 (Time =   20.8399995565414       Time-step =   10.2399997711182      )
RATE OF MASS EXCHANGE                 IN                       OUT                      TOTAL
   Fixed head nodes                  0.0000000000             0.0000000000
   Fixed concentration nodes         0.0000000000             0.0000000000
   NET1 EXCHANGE RATE (IN-OUT)                                                         0.0000000000
 (BC MASS CHANGE=    0.0000000000E+000)
 
MASS STORAGE COMPONENTS
   Porous medium: 
      Dissolved                      0.0000000000
      Decay (dissolved)              0.0000000000
      Sorbed                         0.0000000000
      Decay (sorbed)                 0.0000000000
   Discrete fractures:
      Dissolved                      0.0000000000
      Decay (dissolved)              0.0000000000
      Sorbed                         0.0000000000
      Decay (sorbed)                 0.0000000000
                                     -----------------
   TOTAL MASS                        0.0000000000
   INITIAL MASS                      0.0000000000
                                     -----------------
   MASS CHANGE DURING TIMESTE        0.0000000000
   MASS CHANGE SINCE BEGINNIN        0.0000000000
 
   NET2 RATE OF CHANGE OF MASS/ENERGY DURING TIMESTEP                                  0.0000000000
  
 
MASS BALANCE ERROR
   Absolute: (NET1-NET2)                                                               0.0000000000
   Relative: (abs(NET1)+abs(NET2)) is 0.0
---------------------------------------------------------------------------------------------------
No more mass stored in system for species    1
No more mass stored in system
 
 Minimum dt_multiplier    >    Maximum allowed
  1.000000020040877E+020  >    2.00000000000000     
 Timestep multiplier:    2.00000000000000     
 Accepted solution at time:    20.8399995565414     

----------------------------------------------------------------------------------
                      SOLUTION FOR TIMESTEP     13                          
----------------------------------------------------------------------------------
Global target time:  3.6499000000E+04(     2 of      3)
 %done      Time             delta_t          Tnext
  0.06 2.0839999557E+01 2.0479999542E+01 4.1319999099E+01 Accept timestep
---- Solving transport for species   1 ----
Number of transport matrix solver iterations:   1
  
 Variable             Max. change     Target change   Dt multiplier   At node
 ========             ===========     =============   =============   =======
 Timestep multiplier:   1.000000020040877E+020

---------------------------------------------------------------------------------------------------
MASS BALANCE SPECIES  1 - TCE                           
---------------------------------------------------------------------------------------------------
 (Time =   41.3199990987778       Time-step =   20.4799995422363      )
RATE OF MASS EXCHANGE                 IN                       OUT                      TOTAL
   Fixed head nodes                  0.0000000000             0.0000000000
   Fixed concentration nodes         0.0000000000             0.0000000000
   NET1 EXCHANGE RATE (IN-OUT)                                                         0.0000000000
 (BC MASS CHANGE=    0.0000000000E+000)
 
MASS STORAGE COMPONENTS
   Porous medium: 
      Dissolved                      0.0000000000
      Decay (dissolved)              0.0000000000
      Sorbed                         0.0000000000
      Decay (sorbed)                 0.0000000000
   Discrete fractures:
      Dissolved                      0.0000000000
      Decay (dissolved)              0.0000000000
      Sorbed                         0.0000000000
      Decay (sorbed)                 0.0000000000
                                     -----------------
   TOTAL MASS                        0.0000000000
   INITIAL MASS                      0.0000000000
                                     -----------------
   MASS CHANGE DURING TIMESTE        0.0000000000
   MASS CHANGE SINCE BEGINNIN        0.0000000000
 
   NET2 RATE OF CHANGE OF MASS/ENERGY DURING TIMESTEP                                  0.0000000000
  
 
MASS BALANCE ERROR
   Absolute: (NET1-NET2)                                                               0.0000000000
   Relative: (abs(NET1)+abs(NET2)) is 0.0
---------------------------------------------------------------------------------------------------
No more mass stored in system for species    1
No more mass stored in system
 
 Minimum dt_multiplier    >    Maximum allowed
  1.000000020040877E+020  >    2.00000000000000     
 Timestep multiplier:    2.00000000000000     
 Accepted solution at time:    41.3199990987778     

----------------------------------------------------------------------------------
                      SOLUTION FOR TIMESTEP     14                          
----------------------------------------------------------------------------------
Global target time:  3.6499000000E+04(     2 of      3)
 %done      Time             delta_t          Tnext
  0.11 4.1319999099E+01 4.0959999084E+01 8.2279998183E+01 Accept timestep
---- Solving transport for species   1 ----
Number of transport matrix solver iterations:   1
  
 Variable             Max. change     Target change   Dt multiplier   At node
 ========             ===========     =============   =============   =======
 Timestep multiplier:   1.000000020040877E+020

---------------------------------------------------------------------------------------------------
MASS BALANCE SPECIES  1 - TCE                           
---------------------------------------------------------------------------------------------------
 (Time =   82.2799981832504       Time-step =   40.9599990844727      )
RATE OF MASS EXCHANGE                 IN                       OUT                      TOTAL
   Fixed head nodes                  0.0000000000             0.0000000000
   Fixed concentration nodes         0.0000000000             0.0000000000
   NET1 EXCHANGE RATE (IN-OUT)                                                         0.0000000000
 (BC MASS CHANGE=    0.0000000000E+000)
 
MASS STORAGE COMPONENTS
   Porous medium: 
      Dissolved                      0.0000000000
      Decay (dissolved)              0.0000000000
      Sorbed                         0.0000000000
      Decay (sorbed)                 0.0000000000
   Discrete fractures:
      Dissolved                      0.0000000000
      Decay (dissolved)              0.0000000000
      Sorbed                         0.0000000000
      Decay (sorbed)                 0.0000000000
                                     -----------------
   TOTAL MASS                        0.0000000000
   INITIAL MASS                      0.0000000000
                                     -----------------
   MASS CHANGE DURING TIMESTE        0.0000000000
   MASS CHANGE SINCE BEGINNIN        0.0000000000
 
   NET2 RATE OF CHANGE OF MASS/ENERGY DURING TIMESTEP                                  0.0000000000
  
 
MASS BALANCE ERROR
   Absolute: (NET1-NET2)                                                               0.0000000000
   Relative: (abs(NET1)+abs(NET2)) is 0.0
---------------------------------------------------------------------------------------------------
No more mass stored in system for species    1
No more mass stored in system
 
 Minimum dt_multiplier    >    Maximum allowed
  1.000000020040877E+020  >    2.00000000000000     
 Timestep multiplier:    2.00000000000000     
 Accepted solution at time:    82.2799981832504     

----------------------------------------------------------------------------------
                      SOLUTION FOR TIMESTEP     15                          
----------------------------------------------------------------------------------
Global target time:  3.6499000000E+04(     2 of      3)
 %done      Time             delta_t          Tnext
  0.23 8.2279998183E+01 8.1919998169E+01 1.6419999635E+02 Accept timestep
---- Solving transport for species   1 ----
Number of transport matrix solver iterations:   1
  
 Variable             Max. change     Target change   Dt multiplier   At node
 ========             ===========     =============   =============   =======
 Timestep multiplier:   1.000000020040877E+020

---------------------------------------------------------------------------------------------------
MASS BALANCE SPECIES  1 - TCE                           
---------------------------------------------------------------------------------------------------
 (Time =   164.199996352196       Time-step =   81.9199981689453      )
RATE OF MASS EXCHANGE                 IN                       OUT                      TOTAL
   Fixed head nodes                  0.0000000000             0.0000000000
   Fixed concentration nodes         0.0000000000             0.0000000000
   NET1 EXCHANGE RATE (IN-OUT)                                                         0.0000000000
 (BC MASS CHANGE=    0.0000000000E+000)
 
MASS STORAGE COMPONENTS
   Porous medium: 
      Dissolved                      0.0000000000
      Decay (dissolved)              0.0000000000
      Sorbed                         0.0000000000
      Decay (sorbed)                 0.0000000000
   Discrete fractures:
      Dissolved                      0.0000000000
      Decay (dissolved)              0.0000000000
      Sorbed                         0.0000000000
      Decay (sorbed)                 0.0000000000
                                     -----------------
   TOTAL MASS                        0.0000000000
   INITIAL MASS                      0.0000000000
                                     -----------------
   MASS CHANGE DURING TIMESTE        0.0000000000
   MASS CHANGE SINCE BEGINNIN        0.0000000000
 
   NET2 RATE OF CHANGE OF MASS/ENERGY DURING TIMESTEP                                  0.0000000000
  
 
MASS BALANCE ERROR
   Absolute: (NET1-NET2)                                                               0.0000000000
   Relative: (abs(NET1)+abs(NET2)) is 0.0
---------------------------------------------------------------------------------------------------
No more mass stored in system for species    1
No more mass stored in system
 
 Minimum dt_multiplier    >    Maximum allowed
  1.000000020040877E+020  >    2.00000000000000     
 Timestep multiplier:    2.00000000000000     
 Accepted solution at time:    164.199996352196     

----------------------------------------------------------------------------------
                      SOLUTION FOR TIMESTEP     16                          
----------------------------------------------------------------------------------
Global target time:  3.6499000000E+04(     2 of      3)
 %done      Time             delta_t          Tnext
  0.45 1.6419999635E+02 1.6383999634E+02 3.2803999269E+02 Accept timestep
---- Solving transport for species   1 ----
Number of transport matrix solver iterations:   1
  
 Variable             Max. change     Target change   Dt multiplier   At node
 ========             ===========     =============   =============   =======
 Timestep multiplier:   1.000000020040877E+020

---------------------------------------------------------------------------------------------------
MASS BALANCE SPECIES  1 - TCE                           
---------------------------------------------------------------------------------------------------
 (Time =   328.039992690086       Time-step =   163.839996337891      )
RATE OF MASS EXCHANGE                 IN                       OUT                      TOTAL
   Fixed head nodes                  0.0000000000             0.0000000000
   Fixed concentration nodes         0.0000000000             0.0000000000
   NET1 EXCHANGE RATE (IN-OUT)                                                         0.0000000000
 (BC MASS CHANGE=    0.0000000000E+000)
 
MASS STORAGE COMPONENTS
   Porous medium: 
      Dissolved                      0.0000000000
      Decay (dissolved)              0.0000000000
      Sorbed                         0.0000000000
      Decay (sorbed)                 0.0000000000
   Discrete fractures:
      Dissolved                      0.0000000000
      Decay (dissolved)              0.0000000000
      Sorbed                         0.0000000000
      Decay (sorbed)                 0.0000000000
                                     -----------------
   TOTAL MASS                        0.0000000000
   INITIAL MASS                      0.0000000000
                                     -----------------
   MASS CHANGE DURING TIMESTE        0.0000000000
   MASS CHANGE SINCE BEGINNIN        0.0000000000
 
   NET2 RATE OF CHANGE OF MASS/ENERGY DURING TIMESTEP                                  0.0000000000
  
 
MASS BALANCE ERROR
   Absolute: (NET1-NET2)                                                               0.0000000000
   Relative: (abs(NET1)+abs(NET2)) is 0.0
---------------------------------------------------------------------------------------------------
No more mass stored in system for species    1
No more mass stored in system
 
 Minimum dt_multiplier    >    Maximum allowed
  1.000000020040877E+020  >    2.00000000000000     
 Timestep multiplier:    2.00000000000000     
 Accepted solution at time:    328.039992690086     

----------------------------------------------------------------------------------
                      SOLUTION FOR TIMESTEP     17                          
----------------------------------------------------------------------------------
Global target time:  3.6499000000E+04(     2 of      3)
 %done      Time             delta_t          Tnext
  0.90 3.2803999269E+02 3.2767999268E+02 6.5571998537E+02 Accept timestep
---- Solving transport for species   1 ----
Number of transport matrix solver iterations:   1
  
 Variable             Max. change     Target change   Dt multiplier   At node
 ========             ===========     =============   =============   =======
 Timestep multiplier:   1.000000020040877E+020

---------------------------------------------------------------------------------------------------
MASS BALANCE SPECIES  1 - TCE                           
---------------------------------------------------------------------------------------------------
 (Time =   655.719985365868       Time-step =   327.679992675781      )
RATE OF MASS EXCHANGE                 IN                       OUT                      TOTAL
   Fixed head nodes                  0.0000000000             0.0000000000
   Fixed concentration nodes         0.0000000000             0.0000000000
   NET1 EXCHANGE RATE (IN-OUT)                                                         0.0000000000
 (BC MASS CHANGE=    0.0000000000E+000)
 
MASS STORAGE COMPONENTS
   Porous medium: 
      Dissolved                      0.0000000000
      Decay (dissolved)              0.0000000000
      Sorbed                         0.0000000000
      Decay (sorbed)                 0.0000000000
   Discrete fractures:
      Dissolved                      0.0000000000
      Decay (dissolved)              0.0000000000
      Sorbed                         0.0000000000
      Decay (sorbed)                 0.0000000000
                                     -----------------
   TOTAL MASS                        0.0000000000
   INITIAL MASS                      0.0000000000
                                     -----------------
   MASS CHANGE DURING TIMESTE        0.0000000000
   MASS CHANGE SINCE BEGINNIN        0.0000000000
 
   NET2 RATE OF CHANGE OF MASS/ENERGY DURING TIMESTEP                                  0.0000000000
  
 
MASS BALANCE ERROR
   Absolute: (NET1-NET2)                                                               0.0000000000
   Relative: (abs(NET1)+abs(NET2)) is 0.0
---------------------------------------------------------------------------------------------------
No more mass stored in system for species    1
No more mass stored in system
 
 Minimum dt_multiplier    >    Maximum allowed
  1.000000020040877E+020  >    2.00000000000000     
 Timestep multiplier:    2.00000000000000     
 Accepted solution at time:    655.719985365868     

----------------------------------------------------------------------------------
                      SOLUTION FOR TIMESTEP     18                          
----------------------------------------------------------------------------------
Global target time:  3.6499000000E+04(     2 of      3)
 %done      Time             delta_t          Tnext
  1.80 6.5571998537E+02 6.5535998535E+02 1.3110799707E+03 Accept timestep
---- Solving transport for species   1 ----
Number of transport matrix solver iterations:   1
  
 Variable             Max. change     Target change   Dt multiplier   At node
 ========             ===========     =============   =============   =======
 Timestep multiplier:   1.000000020040877E+020

---------------------------------------------------------------------------------------------------
MASS BALANCE SPECIES  1 - TCE                           
---------------------------------------------------------------------------------------------------
 (Time =   1311.07997071743       Time-step =   655.359985351562      )
RATE OF MASS EXCHANGE                 IN                       OUT                      TOTAL
   Fixed head nodes                  0.0000000000             0.0000000000
   Fixed concentration nodes         0.0000000000             0.0000000000
   NET1 EXCHANGE RATE (IN-OUT)                                                         0.0000000000
 (BC MASS CHANGE=    0.0000000000E+000)
 
MASS STORAGE COMPONENTS
   Porous medium: 
      Dissolved                      0.0000000000
      Decay (dissolved)              0.0000000000
      Sorbed                         0.0000000000
      Decay (sorbed)                 0.0000000000
   Discrete fractures:
      Dissolved                      0.0000000000
      Decay (dissolved)              0.0000000000
      Sorbed                         0.0000000000
      Decay (sorbed)                 0.0000000000
                                     -----------------
   TOTAL MASS                        0.0000000000
   INITIAL MASS                      0.0000000000
                                     -----------------
   MASS CHANGE DURING TIMESTE        0.0000000000
   MASS CHANGE SINCE BEGINNIN        0.0000000000
 
   NET2 RATE OF CHANGE OF MASS/ENERGY DURING TIMESTEP                                  0.0000000000
  
 
MASS BALANCE ERROR
   Absolute: (NET1-NET2)                                                               0.0000000000
   Relative: (abs(NET1)+abs(NET2)) is 0.0
---------------------------------------------------------------------------------------------------
No more mass stored in system for species    1
No more mass stored in system
 
 Minimum dt_multiplier    >    Maximum allowed
  1.000000020040877E+020  >    2.00000000000000     
 Timestep multiplier:    2.00000000000000     
 Accepted solution at time:    1311.07997071743     

----------------------------------------------------------------------------------
                      SOLUTION FOR TIMESTEP     19                          
----------------------------------------------------------------------------------
Global target time:  3.6499000000E+04(     2 of      3)
 %done      Time             delta_t          Tnext
  3.59 1.3110799707E+03 1.3107199707E+03 2.6217999414E+03 Accept timestep
---- Solving transport for species   1 ----
Number of transport matrix solver iterations:   1
  
 Variable             Max. change     Target change   Dt multiplier   At node
 ========             ===========     =============   =============   =======
 Timestep multiplier:   1.000000020040877E+020

---------------------------------------------------------------------------------------------------
MASS BALANCE SPECIES  1 - TCE                           
---------------------------------------------------------------------------------------------------
 (Time =   2621.79994142056       Time-step =   1310.71997070312      )
RATE OF MASS EXCHANGE                 IN                       OUT                      TOTAL
   Fixed head nodes                  0.0000000000             0.0000000000
   Fixed concentration nodes         0.0000000000             0.0000000000
   NET1 EXCHANGE RATE (IN-OUT)                                                         0.0000000000
 (BC MASS CHANGE=    0.0000000000E+000)
 
MASS STORAGE COMPONENTS
   Porous medium: 
      Dissolved                      0.0000000000
      Decay (dissolved)              0.0000000000
      Sorbed                         0.0000000000
      Decay (sorbed)                 0.0000000000
   Discrete fractures:
      Dissolved                      0.0000000000
      Decay (dissolved)              0.0000000000
      Sorbed                         0.0000000000
      Decay (sorbed)                 0.0000000000
                                     -----------------
   TOTAL MASS                        0.0000000000
   INITIAL MASS                      0.0000000000
                                     -----------------
   MASS CHANGE DURING TIMESTE        0.0000000000
   MASS CHANGE SINCE BEGINNIN        0.0000000000
 
   NET2 RATE OF CHANGE OF MASS/ENERGY DURING TIMESTEP                                  0.0000000000
  
 
MASS BALANCE ERROR
   Absolute: (NET1-NET2)                                                               0.0000000000
   Relative: (abs(NET1)+abs(NET2)) is 0.0
---------------------------------------------------------------------------------------------------
No more mass stored in system for species    1
No more mass stored in system
 
 Minimum dt_multiplier    >    Maximum allowed
  1.000000020040877E+020  >    2.00000000000000     
 Timestep multiplier:    2.00000000000000     
 Accepted solution at time:    2621.79994142056     

----------------------------------------------------------------------------------
                      SOLUTION FOR TIMESTEP     20                          
----------------------------------------------------------------------------------
Global target time:  3.6499000000E+04(     2 of      3)
 %done      Time             delta_t          Tnext
  7.18 2.6217999414E+03 2.6214399414E+03 5.2432398828E+03 Accept timestep
---- Solving transport for species   1 ----
Number of transport matrix solver iterations:   1
  
 Variable             Max. change     Target change   Dt multiplier   At node
 ========             ===========     =============   =============   =======
 Timestep multiplier:   1.000000020040877E+020

---------------------------------------------------------------------------------------------------
MASS BALANCE SPECIES  1 - TCE                           
---------------------------------------------------------------------------------------------------
 (Time =   5243.23988282681       Time-step =   2621.43994140625      )
RATE OF MASS EXCHANGE                 IN                       OUT                      TOTAL
   Fixed head nodes                  0.0000000000             0.0000000000
   Fixed concentration nodes         0.0000000000             0.0000000000
   NET1 EXCHANGE RATE (IN-OUT)                                                         0.0000000000
 (BC MASS CHANGE=    0.0000000000E+000)
 
MASS STORAGE COMPONENTS
   Porous medium: 
      Dissolved                      0.0000000000
      Decay (dissolved)              0.0000000000
      Sorbed                         0.0000000000
      Decay (sorbed)                 0.0000000000
   Discrete fractures:
      Dissolved                      0.0000000000
      Decay (dissolved)              0.0000000000
      Sorbed                         0.0000000000
      Decay (sorbed)                 0.0000000000
                                     -----------------
   TOTAL MASS                        0.0000000000
   INITIAL MASS                      0.0000000000
                                     -----------------
   MASS CHANGE DURING TIMESTE        0.0000000000
   MASS CHANGE SINCE BEGINNIN        0.0000000000
 
   NET2 RATE OF CHANGE OF MASS/ENERGY DURING TIMESTEP                                  0.0000000000
  
 
MASS BALANCE ERROR
   Absolute: (NET1-NET2)                                                               0.0000000000
   Relative: (abs(NET1)+abs(NET2)) is 0.0
---------------------------------------------------------------------------------------------------
No more mass stored in system for species    1
No more mass stored in system
 
 Minimum dt_multiplier    >    Maximum allowed
  1.000000020040877E+020  >    2.00000000000000     
 Timestep multiplier:    2.00000000000000     
 Accepted solution at time:    5243.23988282681     

----------------------------------------------------------------------------------
                      SOLUTION FOR TIMESTEP     21                          
----------------------------------------------------------------------------------
Global target time:  3.6499000000E+04(     2 of      3)
 %done      Time             delta_t          Tnext
 14.37 5.2432398828E+03 5.2428798828E+03 1.0486119766E+04 Accept timestep
---- Solving transport for species   1 ----
Number of transport matrix solver iterations:   1
  
 Variable             Max. change     Target change   Dt multiplier   At node
 ========             ===========     =============   =============   =======
 Timestep multiplier:   1.000000020040877E+020

---------------------------------------------------------------------------------------------------
MASS BALANCE SPECIES  1 - TCE                           
---------------------------------------------------------------------------------------------------
 (Time =   10486.1197656393       Time-step =   5242.87988281250      )
RATE OF MASS EXCHANGE                 IN                       OUT                      TOTAL
   Fixed head nodes                  0.0000000000             0.0000000000
   Fixed concentration nodes         0.0000000000             0.0000000000
   NET1 EXCHANGE RATE (IN-OUT)                                                         0.0000000000
 (BC MASS CHANGE=    0.0000000000E+000)
 
MASS STORAGE COMPONENTS
   Porous medium: 
      Dissolved                      0.0000000000
      Decay (dissolved)              0.0000000000
      Sorbed                         0.0000000000
      Decay (sorbed)                 0.0000000000
   Discrete fractures:
      Dissolved                      0.0000000000
      Decay (dissolved)              0.0000000000
      Sorbed                         0.0000000000
      Decay (sorbed)                 0.0000000000
                                     -----------------
   TOTAL MASS                        0.0000000000
   INITIAL MASS                      0.0000000000
                                     -----------------
   MASS CHANGE DURING TIMESTE        0.0000000000
   MASS CHANGE SINCE BEGINNIN        0.0000000000
 
   NET2 RATE OF CHANGE OF MASS/ENERGY DURING TIMESTEP                                  0.0000000000
  
 
MASS BALANCE ERROR
   Absolute: (NET1-NET2)                                                               0.0000000000
   Relative: (abs(NET1)+abs(NET2)) is 0.0
---------------------------------------------------------------------------------------------------
No more mass stored in system for species    1
No more mass stored in system
 
 Minimum dt_multiplier    >    Maximum allowed
  1.000000020040877E+020  >    2.00000000000000     
 Timestep multiplier:    2.00000000000000     
 Accepted solution at time:    10486.1197656393     

----------------------------------------------------------------------------------
                      SOLUTION FOR TIMESTEP     22                          
----------------------------------------------------------------------------------
Global target time:  3.6499000000E+04(     2 of      3)
 %done      Time             delta_t          Tnext
 28.73 1.0486119766E+04 1.0485759766E+04 2.0971879531E+04 Accept timestep
---- Solving transport for species   1 ----
Number of transport matrix solver iterations:   1
  
 Variable             Max. change     Target change   Dt multiplier   At node
 ========             ===========     =============   =============   =======
 Timestep multiplier:   1.000000020040877E+020

---------------------------------------------------------------------------------------------------
MASS BALANCE SPECIES  1 - TCE                           
---------------------------------------------------------------------------------------------------
 (Time =   20971.8795312643       Time-step =   10485.7597656250      )
RATE OF MASS EXCHANGE                 IN                       OUT                      TOTAL
   Fixed head nodes                  0.0000000000             0.0000000000
   Fixed concentration nodes         0.0000000000             0.0000000000
   NET1 EXCHANGE RATE (IN-OUT)                                                         0.0000000000
 (BC MASS CHANGE=    0.0000000000E+000)
 
MASS STORAGE COMPONENTS
   Porous medium: 
      Dissolved                      0.0000000000
      Decay (dissolved)              0.0000000000
      Sorbed                         0.0000000000
      Decay (sorbed)                 0.0000000000
   Discrete fractures:
      Dissolved                      0.0000000000
      Decay (dissolved)              0.0000000000
      Sorbed                         0.0000000000
      Decay (sorbed)                 0.0000000000
                                     -----------------
   TOTAL MASS                        0.0000000000
   INITIAL MASS                      0.0000000000
                                     -----------------
   MASS CHANGE DURING TIMESTE        0.0000000000
   MASS CHANGE SINCE BEGINNIN        0.0000000000
 
   NET2 RATE OF CHANGE OF MASS/ENERGY DURING TIMESTEP                                  0.0000000000
  
 
MASS BALANCE ERROR
   Absolute: (NET1-NET2)                                                               0.0000000000
   Relative: (abs(NET1)+abs(NET2)) is 0.0
---------------------------------------------------------------------------------------------------
No more mass stored in system for species    1
No more mass stored in system
 
 Minimum dt_multiplier    >    Maximum allowed
  1.000000020040877E+020  >    2.00000000000000     
 Timestep multiplier:    2.00000000000000     
 Accepted solution at time:    20971.8795312643     

----------------------------------------------------------------------------------
                      SOLUTION FOR TIMESTEP     23                          
----------------------------------------------------------------------------------
Global target time:  3.6499000000E+04(     2 of      3)
 %done      Time             delta_t          Tnext
 57.46 2.0971879531E+04 2.0971519531E+04 4.1943399063E+04 !! Tnext >= target
 57.46 2.0971879531E+04 1.5527120469E+04 3.6499000000E+04 1 step to target
---- Solving transport for species   1 ----
Number of transport matrix solver iterations:   1
  
 Variable             Max. change     Target change   Dt multiplier   At node
 ========             ===========     =============   =============   =======
 Timestep multiplier:   1.000000020040877E+020

---------------------------------------------------------------------------------------------------
MASS BALANCE SPECIES  1 - TCE                           
---------------------------------------------------------------------------------------------------
 (Time =   36499.0000000000       Time-step =   15527.1204687357      )
RATE OF MASS EXCHANGE                 IN                       OUT                      TOTAL
   Fixed head nodes                  0.0000000000             0.0000000000
   Fixed concentration nodes         0.0000000000             0.0000000000
   NET1 EXCHANGE RATE (IN-OUT)                                                         0.0000000000
 (BC MASS CHANGE=    0.0000000000E+000)
 
MASS STORAGE COMPONENTS
   Porous medium: 
      Dissolved                      0.0000000000
      Decay (dissolved)              0.0000000000
      Sorbed                         0.0000000000
      Decay (sorbed)                 0.0000000000
   Discrete fractures:
      Dissolved                      0.0000000000
      Decay (dissolved)              0.0000000000
      Sorbed                         0.0000000000
      Decay (sorbed)                 0.0000000000
                                     -----------------
   TOTAL MASS                        0.0000000000
   INITIAL MASS                      0.0000000000
                                     -----------------
   MASS CHANGE DURING TIMESTE        0.0000000000
   MASS CHANGE SINCE BEGINNIN        0.0000000000
 
   NET2 RATE OF CHANGE OF MASS/ENERGY DURING TIMESTEP                                  0.0000000000
  
 
MASS BALANCE ERROR
   Absolute: (NET1-NET2)                                                               0.0000000000
   Relative: (abs(NET1)+abs(NET2)) is 0.0
---------------------------------------------------------------------------------------------------
No more mass stored in system for species    1
No more mass stored in system
 
 Minimum dt_multiplier    >    Maximum allowed
  1.000000020040877E+020  >    2.00000000000000     
 Timestep multiplier:    2.00000000000000     
 Accepted solution at time:    36499.0000000000     
 Met global target time    36499.0000000000     
 Restore last big timestep used   20971.5195312500     

----------------------------------------------------------------------------------
                      SOLUTION FOR TIMESTEP     24                          
----------------------------------------------------------------------------------
Global target time:  3.6500000000E+04(     3 of      3)
 %done      Time             delta_t          Tnext
100.00 3.6499000000E+04 2.0971519531E+04 5.7470519531E+04 !! Tnext >= target
100.00 3.6499000000E+04 1.0000000000E+00 3.6500000000E+04 1 step to target
---- Solving transport for species   1 ----
Number of transport matrix solver iterations:   1
  
 Variable             Max. change     Target change   Dt multiplier   At node
 ========             ===========     =============   =============   =======
 Timestep multiplier:   1.000000020040877E+020

---------------------------------------------------------------------------------------------------
MASS BALANCE SPECIES  1 - TCE                           
---------------------------------------------------------------------------------------------------
 (Time =   36500.0000000000       Time-step =   1.00000000000000      )
RATE OF MASS EXCHANGE                 IN                       OUT                      TOTAL
   Fixed head nodes                  0.0000000000             0.0000000000
   Fixed concentration nodes         0.0000000000             0.0000000000
   NET1 EXCHANGE RATE (IN-OUT)                                                         0.0000000000
 (BC MASS CHANGE=    0.0000000000E+000)
 
MASS STORAGE COMPONENTS
   Porous medium: 
      Dissolved                      0.0000000000
      Decay (dissolved)              0.0000000000
      Sorbed                         0.0000000000
      Decay (sorbed)                 0.0000000000
   Discrete fractures:
      Dissolved                      0.0000000000
      Decay (dissolved)              0.0000000000
      Sorbed                         0.0000000000
      Decay (sorbed)                 0.0000000000
                                     -----------------
   TOTAL MASS                        0.0000000000
   INITIAL MASS                      0.0000000000
                                     -----------------
   MASS CHANGE DURING TIMESTE        0.0000000000
   MASS CHANGE SINCE BEGINNIN        0.0000000000
 
   NET2 RATE OF CHANGE OF MASS/ENERGY DURING TIMESTEP                                  0.0000000000
  
 
MASS BALANCE ERROR
   Absolute: (NET1-NET2)                                                               0.0000000000
   Relative: (abs(NET1)+abs(NET2)) is 0.0
---------------------------------------------------------------------------------------------------
No more mass stored in system for species    1
No more mass stored in system
 
 Minimum dt_multiplier    >    Maximum allowed
  1.000000020040877E+020  >    2.00000000000000     
 Timestep multiplier:    2.00000000000000     
 Accepted solution at time:    36500.0000000000     
 Met global target time    36500.0000000000     
 Restore last big timestep used   20971.5195312500     
 Met last target time, exit time loop

--------- SIMULATION TIME REPORT    
Number of CPUs applied               =          1
Number of time steps                 =         24
Number of total Newton-Raphson loops =          0
Number of total solver iterations    =      41422
Number of equations                  =    1203398
Global assembly time (s) =   50.463    
ILUC            time (s) =   1.6311    
Solver          time (s) =   3531.2    
SetBC           time (s) =  0.80450E-03
Simulation wall time (s) =   3625.6    
Simulation CPU  time (s) =   3602.7    
----------------------------------------------------------

                    ---- NORMAL EXIT ----


*** NOTE : PARTIAL SIMULATION : 0th ***

